// Jest Snapshot v1, https://goo.gl/fbAQLP

exports[`Loader should match snapshot 1`] = `
<styled.div>
  <Loader
    color="#fa7d19"
    css=""
    loading={true}
    margin={2}
    size={15}
  />
</styled.div>
`;
