// Jest Snapshot v1, https://goo.gl/fbAQLP

exports[`NavBar should match snapshot 1`] = `
<styled.div>
  <styled.h1>
    Yelp in React
  </styled.h1>
</styled.div>
`;
